src/components/post/mentionSuggestion.ts(9,16): error TS2352: Conversion of type '{ items: ({ query }: { query: string; }) => Promise<any>; render: () => { onStart: (props: any) => void; onUpdate(props: any): void; onKeyDown(props: any): any; onExit(): void; }; }' to type 'SuggestionOptions<any, any>' may be a mistake because neither type sufficiently overlaps with the other. If this was intentional, convert the expression to 'unknown' first.
  Property 'editor' is missing in type '{ items: ({ query }: { query: string; }) => Promise<any>; render: () => { onStart: (props: any) => void; onUpdate(props: any): void; onKeyDown(props: any): any; onExit(): void; }; }' but required in type 'SuggestionOptions<any, any>'.
src/components/post/mentionSuggestion.ts(21,29): error TS7006: Parameter 'p' implicitly has an 'any' type.
src/components/post/mentionSuggestion.ts(65,32): error TS2339: Property 'onKeyDown' does not exist on type '{}'.
src/components/post/ReactionButton.tsx(42,72): error TS7006: Parameter 'curr' implicitly has an 'any' type.
src/components/post/ReactionButton.tsx(47,26): error TS2345: Argument of type '{ type: string; count: unknown; }[]' is not assignable to parameter of type 'SetStateAction<{ type: string; count: number; }[]>'.
  Type '{ type: string; count: unknown; }[]' is not assignable to type '{ type: string; count: number; }[]'.
    Type '{ type: string; count: unknown; }' is not assignable to type '{ type: string; count: number; }'.
      Types of property 'count' are incompatible.
        Type 'unknown' is not assignable to type 'number'.
